[tf.rajuahammad.com/html/agencypoint-preview/demo/black/assets/img/favicon.ico]
[backblue.gif]
[fade.gif]
[index.html]
[tf.rajuahammad.com/html/agencypoint-preview/demo/black/assets/img/logo.png]
[tf.rajuahammad.com/html/agencypoint-preview/demo/black/assets/img/team/team-member-1.jpg]
[tf.rajuahammad.com/html/agencypoint-preview/demo/black/assets/img/team/team-member-2.jpg]
[tf.rajuahammad.com/html/agencypoint-preview/demo/black/assets/img/team/team-member-3.jpg]
[tf.rajuahammad.com/html/agencypoint-preview/demo/black/assets/img/team/team-member-4.jpg]
[tf.rajuahammad.com/html/agencypoint-preview/demo/black/assets/img/team/team-member-5.jpg]
[tf.rajuahammad.com/html/agencypoint-preview/demo/black/assets/img/partner/partner-logo-1.png]
[tf.rajuahammad.com/html/agencypoint-preview/demo/black/assets/img/partner/partner-logo-2.png]
[tf.rajuahammad.com/html/agencypoint-preview/demo/black/assets/img/partner/partner-logo-3.png]
[tf.rajuahammad.com/html/agencypoint-preview/demo/black/assets/img/partner/partner-logo-4.png]
[tf.rajuahammad.com/html/agencypoint-preview/demo/black/assets/img/partner/partner-logo-5.png]
[tf.rajuahammad.com/html/agencypoint-preview/demo/black/assets/img/footer-logo.png]
[tf.rajuahammad.com/html/agencypoint-preview/demo/black/assets/js/jquery-3.2.1.min.js]
[tf.rajuahammad.com/html/agencypoint-preview/demo/black/assets/js/jquery-migrate.min.js]
[tf.rajuahammad.com/html/agencypoint-preview/demo/black/assets/js/popper.min.js]
[tf.rajuahammad.com/html/agencypoint-preview/demo/black/assets/js/bootstrap.min.js]
[tf.rajuahammad.com/html/agencypoint-preview/demo/black/assets/js/plugins/slicknav.min.js]
[tf.rajuahammad.com/html/agencypoint-preview/demo/black/assets/js/plugins/owl.carousel.min.js]
[tf.rajuahammad.com/html/agencypoint-preview/demo/black/assets/js/plugins/vegas.min.js]
[tf.rajuahammad.com/html/agencypoint-preview/demo/black/assets/js/plugins/waypoints.min.js]
[tf.rajuahammad.com/html/agencypoint-preview/demo/black/assets/js/plugins/counterup.min.js]
[tf.rajuahammad.com/html/agencypoint-preview/demo/black/assets/js/plugins/isotope.min.js]
[tf.rajuahammad.com/html/agencypoint-preview/demo/black/assets/js/plugins/magnific-popup.min.js]
[tf.rajuahammad.com/html/agencypoint-preview/demo/black/assets/js/main.js]
[tf.rajuahammad.com/html/agencypoint-preview/demo/black/index.html]
[tf.rajuahammad.com/html/agencypoint-preview/demo/black/assets/css/bootstrap.min.css]
[tf.rajuahammad.com/html/agencypoint-preview/demo/black/assets/fonts/fontawesome-webfont3e6e.eot]
[tf.rajuahammad.com/html/agencypoint-preview/demo/black/assets/fonts/fontawesome-webfontd41d.eot]
[tf.rajuahammad.com/html/agencypoint-preview/demo/black/assets/fonts/fontawesome-webfont3e6e.woff2]
[tf.rajuahammad.com/html/agencypoint-preview/demo/black/assets/fonts/fontawesome-webfont3e6e.woff]
[tf.rajuahammad.com/html/agencypoint-preview/demo/black/assets/fonts/fontawesome-webfont3e6e.ttf]
[tf.rajuahammad.com/html/agencypoint-preview/demo/black/assets/css/font-awesome.css]
[tf.rajuahammad.com/html/agencypoint-preview/demo/black/assets/css/plugins/slicknav.min.css]
[tf.rajuahammad.com/html/agencypoint-preview/demo/black/assets/css/plugins/vegas.css]
[tf.rajuahammad.com/html/agencypoint-preview/demo/black/assets/css/plugins/magnific-popup.css]
[tf.rajuahammad.com/html/agencypoint-preview/demo/black/assets/css/plugins/owl.carousel.css]
[tf.rajuahammad.com/html/agencypoint-preview/demo/black/assets/css/animation.css]
[tf.rajuahammad.com/html/agencypoint-preview/demo/black/assets/css/reset.css]
[tf.rajuahammad.com/html/agencypoint-preview/demo/black/assets/img/about-bg.png]
[tf.rajuahammad.com/html/agencypoint-preview/demo/black/assets/img/reviews-bg.jpg]
[tf.rajuahammad.com/html/agencypoint-preview/demo/black/assets/img/portfolio/portfolio-1.jpg]
[tf.rajuahammad.com/html/agencypoint-preview/demo/black/assets/img/portfolio/portfolio-2.jpg]
[tf.rajuahammad.com/html/agencypoint-preview/demo/black/assets/img/portfolio/portfolio-3.jpg]
[tf.rajuahammad.com/html/agencypoint-preview/demo/black/assets/img/portfolio/portfolio-4.jpg]
[tf.rajuahammad.com/html/agencypoint-preview/demo/black/assets/img/portfolio/portfolio-5.jpg]
[tf.rajuahammad.com/html/agencypoint-preview/demo/black/assets/img/portfolio/portfolio-6.jpg]
[tf.rajuahammad.com/html/agencypoint-preview/demo/black/assets/img/portfolio/portfolio-7.jpg]
[tf.rajuahammad.com/html/agencypoint-preview/demo/black/assets/img/portfolio/portfolio-8.jpg]
[tf.rajuahammad.com/html/agencypoint-preview/demo/black/assets/img/portfolio/portfolio-9.jpg]
[tf.rajuahammad.com/html/agencypoint-preview/demo/black/assets/img/video-area-bg.jpg]
[tf.rajuahammad.com/html/agencypoint-preview/demo/black/assets/img/client-bg.jpg]
[tf.rajuahammad.com/html/agencypoint-preview/demo/black/assets/img/blog/blog-thum-1.jpg]
[tf.rajuahammad.com/html/agencypoint-preview/demo/black/assets/img/blog/blog-thum-2.jpg]
[tf.rajuahammad.com/html/agencypoint-preview/demo/black/assets/img/blog/blog-thum-3.jpg]
[tf.rajuahammad.com/html/agencypoint-preview/demo/black/assets/img/partner/partner-bg.jpg]
[tf.rajuahammad.com/html/agencypoint-preview/demo/black/assets/img/hire-area-bg.jpg]
[tf.rajuahammad.com/html/agencypoint-preview/demo/black/assets/img/slider-img/slider-img-1.jpg]
[tf.rajuahammad.com/html/agencypoint-preview/demo/black/assets/img/slider-img/slider-img-2.jpg]
[tf.rajuahammad.com/html/agencypoint-preview/demo/black/assets/img/hero-area-bg.jpg]
[tf.rajuahammad.com/html/agencypoint-preview/demo/black/style.css]
[tf.rajuahammad.com/html/agencypoint-preview/demo/black/assets/css/responsive.css]
[tf.rajuahammad.com/html/agencypoint-preview/demo/black/index_v2.html]
[tf.rajuahammad.com/html/agencypoint-preview/demo/black/index_v3.html]
[tf.rajuahammad.com/html/agencypoint-preview/demo/black/about.html]
[tf.rajuahammad.com/html/agencypoint-preview/demo/black/assets/img/blog/single-blog/single-blog.jpg]
[tf.rajuahammad.com/html/agencypoint-preview/demo/black/service-open.html]
[tf.rajuahammad.com/html/agencypoint-preview/demo/black/portfolio.html]
[tf.rajuahammad.com/html/agencypoint-preview/demo/black/portfolio-open.html]
[tf.rajuahammad.com/html/agencypoint-preview/demo/black/testimonial.html]
[tf.rajuahammad.com/html/agencypoint-preview/demo/black/blog.html]
[tf.rajuahammad.com/html/agencypoint-preview/demo/black/blog-open.html]
[tf.rajuahammad.com/html/agencypoint-preview/demo/black/assets/js/plugins/jquery.validate.min.js]
[tf.rajuahammad.com/html/agencypoint-preview/demo/black/assets/js/plugins/validation-rule.js]
[tf.rajuahammad.com/html/agencypoint-preview/demo/black/contact.html]
[tf.rajuahammad.com/html/agencypoint-preview/demo/black/assets/img/svg-icons/pencil.svg]
[tf.rajuahammad.com/html/agencypoint-preview/demo/black/assets/img/svg-icons/bulb.svg]
[tf.rajuahammad.com/html/agencypoint-preview/demo/black/assets/img/svg-icons/develop.svg]
[tf.rajuahammad.com/html/agencypoint-preview/demo/black/assets/img/svg-icons/video.svg]
[tf.rajuahammad.com/html/agencypoint-preview/demo/black/assets/fonts/fontawesome-webfont3e6e.svg]
[tf.rajuahammad.com/html/agencypoint-preview/demo/black/assets/css/plugins/owl.video.play.html]
[tf.rajuahammad.com/html/agencypoint-preview/demo/black/assets/css/animate.css]
[tf.rajuahammad.com/html/agencypoint-preview/demo/black/assets/img/our-miison.jpg]
[tf.rajuahammad.com/html/agencypoint-preview/demo/black/assets/img/our-vission.jpg]
[tf.rajuahammad.com/html/agencypoint-preview/demo/black/assets/css/page.css]
[tf.rajuahammad.com/html/agencypoint-preview/demo/black/service.html]
